C:\Users\FLORINDA KEVINE\Desktop\Audrey\Projet Scolaire\CashPilotvw\CashPilotvw\app\components\BudgetAdvisor.tsx:14:Unexpected any. Specify a different type.
C:\Users\FLORINDA KEVINE\Desktop\Audrey\Projet Scolaire\CashPilotvw\CashPilotvw\app\components\BudgetAdvisor.tsx:115:`"` can be escaped with `&quot;`, `&ldquo;`, `&#34;`, `&rdquo;`.
C:\Users\FLORINDA KEVINE\Desktop\Audrey\Projet Scolaire\CashPilotvw\CashPilotvw\app\components\BudgetAdvisor.tsx:115:`"` can be escaped with `&quot;`, `&ldquo;`, `&#34;`, `&rdquo;`.
C:\Users\FLORINDA KEVINE\Desktop\Audrey\Projet Scolaire\CashPilotvw\CashPilotvw\app\components\SavingsGoalItem.tsx:4:'Plus' is defined but never used.
C:\Users\FLORINDA KEVINE\Desktop\Audrey\Projet Scolaire\CashPilotvw\CashPilotvw\app\components\SavingsGoalItem.tsx:4:'TrendingUp' is defined but never used.
C:\Users\FLORINDA KEVINE\Desktop\Audrey\Projet Scolaire\CashPilotvw\CashPilotvw\app\components\SavingsGoalItem.tsx:6:'addSavingsGoal' is defined but never used.
C:\Users\FLORINDA KEVINE\Desktop\Audrey\Projet Scolaire\CashPilotvw\CashPilotvw\app\dashboard\page.tsx:33:Unexpected any. Specify a different type.
C:\Users\FLORINDA KEVINE\Desktop\Audrey\Projet Scolaire\CashPilotvw\CashPilotvw\app\dashboard\page.tsx:50:'_syncResult' is assigned a value but never used.
C:\Users\FLORINDA KEVINE\Desktop\Audrey\Projet Scolaire\CashPilotvw\CashPilotvw\app\manage\[budgetId]\page.tsx:38:'editTransactionAmountString' is assigned a value but never used.
C:\Users\FLORINDA KEVINE\Desktop\Audrey\Projet Scolaire\CashPilotvw\CashPilotvw\app\manage\[budgetId]\page.tsx:38:'setEditTransactionAmountString' is assigned a value but never used.
C:\Users\FLORINDA KEVINE\Desktop\Audrey\Projet Scolaire\CashPilotvw\CashPilotvw\app\manage\[budgetId]\page.tsx:142:Unexpected any. Specify a different type.
C:\Users\FLORINDA KEVINE\Desktop\Audrey\Projet Scolaire\CashPilotvw\CashPilotvw\app\manage\[budgetId]\page.tsx:253:'id' is defined but never used.
C:\Users\FLORINDA KEVINE\Desktop\Audrey\Projet Scolaire\CashPilotvw\CashPilotvw\app\page.tsx:6:'Shield' is defined but never used.
C:\Users\FLORINDA KEVINE\Desktop\Audrey\Projet Scolaire\CashPilotvw\CashPilotvw\app\page.tsx:39:`'` can be escaped with `&apos;`, `&lsquo;`, `&#39;`, `&rsquo;`.
C:\Users\FLORINDA KEVINE\Desktop\Audrey\Projet Scolaire\CashPilotvw\CashPilotvw\app\sign-in\[[...sign-in]]\page.tsx:8:Using `<img>` could result in slower LCP and higher bandwidth. Consider using `<Image />` from `next/image` or a custom image loader to automatically optimize images. This may incur additional usage or cost from your provider. See: https://nextjs.org/docs/messages/no-img-element
C:\Users\FLORINDA KEVINE\Desktop\Audrey\Projet Scolaire\CashPilotvw\CashPilotvw\app\sign-up\[[...sign-up]]\page.tsx:8:Using `<img>` could result in slower LCP and higher bandwidth. Consider using `<Image />` from `next/image` or a custom image loader to automatically optimize images. This may incur additional usage or cost from your provider. See: https://nextjs.org/docs/messages/no-img-element
C:\Users\FLORINDA KEVINE\Desktop\Audrey\Projet Scolaire\CashPilotvw\CashPilotvw\tailwind.config.ts:18:A `require()` style import is forbidden.
